// Jest Snapshot v1, https://goo.gl/fbAQLP

exports[`renders App 1`] = `
<div
  className="App"
>
  <nav
    className="navbar navbar-expand-lg navbar-light bg-light fixed-top"
  >
    <a
      className="navbar-brand"
      href="/"
    >
      快刀
    </a>
    <button
      aria-controls="top-navigation-bar"
      aria-label="Toggle navigation"
      className="navbar-toggler collapsed"
      onClick={[Function]}
      type="button"
    >
      <span
        className="navbar-toggler-icon"
      />
    </button>
    <div
      aria-expanded={null}
      className="navbar-collapse collapse"
      id="top-navigation-bar"
    >
      <div
        className="mr-auto navbar-nav"
        onKeyDown={[Function]}
      >
        <a
          className="nav-link"
          data-rb-event-key="#"
          href="#"
          onClick={[Function]}
          onKeyDown={[Function]}
          role="button"
        >
          <a
            href="/"
            onClick={[Function]}
          >
            智能创建
          </a>
        </a>
        <a
          className="nav-link"
          data-rb-event-key="#"
          href="#"
          onClick={[Function]}
          onKeyDown={[Function]}
          role="button"
        >
          <a
            href="/jobs"
            onClick={[Function]}
          >
            工作匹配
          </a>
        </a>
      </div>
      <div
        className="btn-group btn-group-toggle"
        role="group"
      >
        <label
          className="btn active btn-primary"
          disabled={false}
        >
          <input
            autoComplete="off"
            checked={true}
            disabled={false}
            name="languageSelect"
            onBlur={[Function]}
            onChange={[Function]}
            onFocus={[Function]}
            type="radio"
            value="zh"
          />
          中文
        </label>
        <label
          className="btn btn-primary"
          disabled={false}
        >
          <input
            autoComplete="off"
            checked={false}
            disabled={false}
            name="languageSelect"
            onBlur={[Function]}
            onChange={[Function]}
            onFocus={[Function]}
            type="radio"
            value="en"
          />
          English
        </label>
      </div>
    </div>
  </nav>
  <div>
    Loading...
  </div>
</div>
`;
