// Jest Snapshot v1, https://goo.gl/fbAQLP

exports[`Jobs render Jobs 1`] = `
<div
  className="container"
>
  <div
    className="container-list"
  >
    <span
      className="list-summary"
    >
      0
    </span>
    <ul
      className="pagination"
    />
  </div>
  <div
    className="container-details"
  />
</div>
`;

exports[`Jobs render Jobs with full data 1`] = `
<div
  className="container"
>
  <div
    className="container-list"
  >
    <span
      className="list-summary"
    >
      42
    </span>
    <div
      className="container-job-selected"
      onClick={[Function]}
    >
      <div
        className="job-title"
      >
        Software Development Engineer
      </div>
      <div
        className="job-company"
      >
        微软
      </div>
      <div
        className="job-post-time"
      >
        3 days ago(stub time since)
      </div>
    </div>
    <div
      className="container-job"
      onClick={[Function]}
    >
      <div
        className="job-title"
      >
        Software Engineer (University Hiring)
      </div>
      <div
        className="job-company"
      >
        HPE
      </div>
      <div
        className="job-post-time"
      >
        3 days ago(stub time since)
      </div>
    </div>
    <div
      className="container-job"
      onClick={[Function]}
    >
      <div
        className="job-title"
      >
        Analog Design Engineer
      </div>
      <div
        className="job-company"
      >
        安森美半导体
      </div>
      <div
        className="job-post-time"
      >
        3 days ago(stub time since)
      </div>
    </div>
    <div
      className="container-job"
      onClick={[Function]}
    >
      <div
        className="job-title"
      >
        AI/ML - Software Engineer Intern, Machine Intelligence
      </div>
      <div
        className="job-company"
      >
        Apple Inc.
      </div>
      <div
        className="job-post-time"
      >
        3 days ago(stub time since)
      </div>
    </div>
    <ul
      className="pagination"
    >
      <li
        className="page-item active"
      >
        <span
          className="page-link"
          disabled={false}
          onClick={[Function]}
        >
          1
          <span
            className="sr-only"
          >
            (current)
          </span>
        </span>
      </li>
      <li
        className="page-item"
      >
        <a
          className="page-link"
          href="#"
          onClick={[Function]}
          onKeyDown={[Function]}
          role="button"
        >
          2
        </a>
      </li>
      <li
        className="page-item"
      >
        <a
          className="page-link"
          href="#"
          onClick={[Function]}
          onKeyDown={[Function]}
          role="button"
        >
          3
        </a>
      </li>
      <li
        className="page-item"
      >
        <a
          className="page-link"
          href="#"
          onClick={[Function]}
          onKeyDown={[Function]}
          role="button"
        >
          4
        </a>
      </li>
      <li
        className="page-item"
      >
        <a
          className="page-link"
          href="#"
          onClick={[Function]}
          onKeyDown={[Function]}
          role="button"
        >
          <span
            aria-hidden="true"
          >
            ›
          </span>
          <span
            className="sr-only"
          >
            Next
          </span>
        </a>
      </li>
    </ul>
  </div>
  <div
    className="container-details"
  />
</div>
`;
