// Jest Snapshot v1, https://goo.gl/fbAQLP

exports[`SearchHeader render SearchHeader 1`] = `
<form
  className="container"
>
  <div
    className="row"
  >
    <div
      className="col-lg-6"
    >
      <div
        className="form_item form-group"
      >
        <label
          className="form-label"
          htmlFor="searchQuery"
        />
        <div
          className="input-group"
        >
          <input
            className="form-control"
            id="searchQuery"
            input="text"
            onChange={[Function]}
            placeholder="query"
          />
          <div
            className="input-group-append"
          >
            <button
              className="search-button btn btn-primary"
              disabled={false}
              onClick={[Function]}
              type="button"
            />
          </div>
        </div>
      </div>
    </div>
    <div
      className="col-lg-2"
    >
      <div
        className="form_item form-validation-wrapper form-group"
      >
        <label
          className="form-label"
          htmlFor="searchCountry"
        >
          country
        </label>
        <input
          className="form-control"
          id="searchCountry"
          onChange={[Function]}
          placeholder="country"
          type="text"
        />
      </div>
    </div>
    <div
      className="col-lg-2"
    >
      <div
        className="form_item form-validation-wrapper form-group"
      >
        <label
          className="form-label"
          htmlFor="searchCity"
        >
          city
        </label>
        <input
          className="form-control"
          id="searchCity"
          onChange={[Function]}
          placeholder="city"
          type="text"
        />
      </div>
    </div>
  </div>
</form>
`;
