// Jest Snapshot v1, https://goo.gl/fbAQLP

exports[`SmartResume tests renders Smart Resume 1`] = `
<div
  className="features smart-resume"
>
  <div
    className="overlay"
  >
    <div
      className="container"
    >
      <div
        className="content"
      >
        <a
          className="navItemSelected"
          href="/#basicInfo"
          onClick={[Function]}
        >
          基本信息
        </a>
        <a
          className="navItem"
          href="/#education"
          onClick={[Function]}
        >
          教育背景
        </a>
        <a
          className="navItem"
          href="/#workXp"
          onClick={[Function]}
        >
          工作经历
        </a>
        <a
          className="navItem"
          href="/#projectXp"
          onClick={[Function]}
        >
          项目经历
        </a>
        <a
          className="navItem"
          href="/#otherXp"
          onClick={[Function]}
        >
          其他经历
        </a>
        <a
          className="navItem"
          href="/#certifications"
          onClick={[Function]}
        >
          技能证书
        </a>
      </div>
    </div>
    <div
      className="container"
    >
      TODO: Preview on right
    </div>
  </div>
  <div
    className="container"
  >
    <p>
      TODO: update progress bar
    </p>
    <div
      id="basicInfo"
    >
      <div
        className="form_h1"
      >
        <div>
          <h1>
            基本信息
          </h1>
        </div>
        <p>
          请输入您的一些基本个人信息
        </p>
      </div>
      <div
        className="form_body"
      >
        <div
          className="container"
        >
          <form
            className=""
          >
            <div
              className="row"
            />
            <div
              className="row"
            >
              <div
                className="col"
              >
                <div
                  className="form_item form-group"
                >
                  <label
                    className="form-label"
                    htmlFor="basic-name-cn"
                  >
                    中文姓名
                  </label>
                  <input
                    className="form-control"
                    id="basic-name-cn"
                    placeholder="请输入您的中文全名"
                    type="text"
                  />
                </div>
              </div>
              <div
                className="col"
              >
                <div
                  className="form_item form-group"
                >
                  <label
                    className="form-label"
                    htmlFor="basic-name-en"
                  >
                    英文称呼
                  </label>
                  <input
                    className="form-control"
                    id="basic-name-en"
                    placeholder="First & Last Name"
                    type="text"
                  />
                </div>
              </div>
            </div>
            <div
              className="row"
            >
              <div
                className="col-lg-6"
              >
                <div
                  className="form_item form-group"
                >
                  <label
                    className="form-label"
                    htmlFor="basic-email"
                  >
                    邮箱
                  </label>
                  <input
                    className="form-control"
                    id="basic-email"
                    placeholder="请填写您的邮箱地址"
                    type="email"
                  />
                </div>
              </div>
              <div
                className="col-lg-3"
              >
                <div
                  className="form_item form-group"
                >
                  <label
                    className="form-label"
                    htmlFor="basic-phone"
                  >
                    联系电话
                  </label>
                  <input
                    className="form-control"
                    id="basic-phone"
                    placeholder="输入您的联系电话"
                    type="text"
                  />
                </div>
              </div>
              <div
                className="col-lg-3"
              >
                <div
                  className="form_item form-group"
                >
                  <label
                    className="form-label"
                    htmlFor="basic-city"
                  >
                    城市
                  </label>
                  <div
                    className="rbt"
                    style={
                      Object {
                        "outline": "none",
                        "position": "relative",
                      }
                    }
                    tabIndex={-1}
                  >
                    <div
                      style={
                        Object {
                          "display": "flex",
                          "flex": 1,
                          "height": "100%",
                          "position": "relative",
                        }
                      }
                    >
                      <input
                        aria-autocomplete="both"
                        aria-expanded={false}
                        aria-haspopup="listbox"
                        autoComplete="off"
                        className="rbt-input-main form-control rbt-input"
                        onBlur={[Function]}
                        onChange={[Function]}
                        onClick={[Function]}
                        onFocus={[Function]}
                        onKeyDown={[Function]}
                        placeholder="您现在的居住城市"
                        role="combobox"
                        type="text"
                        value=""
                      />
                      <input
                        aria-hidden={true}
                        className="rbt-input-hint"
                        readOnly={true}
                        style={
                          Object {
                            "backgroundColor": "transparent",
                            "borderColor": "transparent",
                            "boxShadow": "none",
                            "color": "rgba(0, 0, 0, 0.35)",
                            "left": 0,
                            "pointerEvents": "none",
                            "position": "absolute",
                            "top": 0,
                            "width": "100%",
                          }
                        }
                        tabIndex={-1}
                        value=""
                      />
                    </div>
                  </div>
                </div>
              </div>
              <div
                className="col"
              />
              <div
                className="col"
              />
            </div>
            <div
              className="row"
            >
              <div
                className="col"
              >
                <div
                  className="form_item form-group"
                >
                  <label
                    className="form-label"
                    htmlFor="basic-linkedin"
                  >
                    个人领英 Linkedin 链接
                  </label>
                  <input
                    className="form-control"
                    id="basic-linkedin"
                    placeholder="请填写您的Linkedin链接"
                    type="text"
                  />
                </div>
              </div>
              <div
                className="col"
              >
                <div
                  className="form_item form-group"
                >
                  <label
                    className="form-label"
                    htmlFor="basic-weblink"
                  >
                    个人 Github 或者作品集链接
                  </label>
                  <input
                    className="form-control"
                    id="basic-weblink"
                    placeholder="请填写您的Github链接或作品集链接"
                    type="text"
                  />
                </div>
              </div>
            </div>
            <div
              className="form_buttons row"
            >
              <div
                className="space_betweens col"
              >
                <button
                  className="form_reset_link btn btn-link"
                  disabled={false}
                  type="button"
                >
                  清空重填
                </button>
                <button
                  className="btn btn-primary"
                  disabled={false}
                  type="submit"
                >
                  保存
                </button>
              </div>
            </div>
          </form>
        </div>
      </div>
    </div>
    <div
      id="education"
    >
      <div
        className="form_h1"
      >
        <div>
          <h1>
            教育背景
          </h1>
        </div>
        <p>
          请添加关于您教育背景的相关信息
        </p>
      </div>
      <div
        className="form_body"
      >
        <div
          className="container"
        >
          <form
            className=""
          >
            <div
              className="row"
            >
              <div
                className="col"
              >
                <h2
                  class="form_h2"
                >
                  填写院校信息
                </h2>
              </div>
            </div>
            <div
              className="row"
            >
              <div
                className="col-lg-4"
              >
                <div
                  className="form_item form-group"
                >
                  <label
                    className="form-label"
                    htmlFor="education-school"
                  >
                    院校名称
                  </label>
                  <div
                    className="rbt"
                    style={
                      Object {
                        "outline": "none",
                        "position": "relative",
                      }
                    }
                    tabIndex={-1}
                  >
                    <div
                      style={
                        Object {
                          "display": "flex",
                          "flex": 1,
                          "height": "100%",
                          "position": "relative",
                        }
                      }
                    >
                      <input
                        aria-autocomplete="both"
                        aria-expanded={false}
                        aria-haspopup="listbox"
                        autoComplete="off"
                        className="rbt-input-main form-control rbt-input"
                        onBlur={[Function]}
                        onChange={[Function]}
                        onClick={[Function]}
                        onFocus={[Function]}
                        onKeyDown={[Function]}
                        placeholder="请输入学校名字"
                        role="combobox"
                        type="text"
                        value=""
                      />
                      <input
                        aria-hidden={true}
                        className="rbt-input-hint"
                        readOnly={true}
                        style={
                          Object {
                            "backgroundColor": "transparent",
                            "borderColor": "transparent",
                            "boxShadow": "none",
                            "color": "rgba(0, 0, 0, 0.35)",
                            "left": 0,
                            "pointerEvents": "none",
                            "position": "absolute",
                            "top": 0,
                            "width": "100%",
                          }
                        }
                        tabIndex={-1}
                        value=""
                      />
                    </div>
                  </div>
                </div>
              </div>
              <div
                className="col-lg-2"
              >
                <div
                  className="form_item form-group"
                >
                  <label
                    className="form-label"
                    htmlFor="education-gpa"
                  >
                    毕业GPA
                  </label>
                  <input
                    className="form-control"
                    id="education-gpa"
                    placeholder="4.0?"
                    type="text"
                  />
                </div>
              </div>
              <div
                className="col"
              >
                <div
                  className="form_item form-group"
                >
                  <label
                    className="form-label"
                    htmlFor="education-enter-date"
                  >
                    入学日期
                  </label>
                  <input
                    className="form-control"
                    id="education-enter-date"
                    placeholder="年/月/日期"
                    type="text"
                  />
                </div>
              </div>
              <div
                className="col"
              >
                <div
                  className="form_item form-group"
                >
                  <label
                    className="form-label"
                    htmlFor="education-graduate-date"
                  >
                    毕业日期
                  </label>
                  <input
                    className="form-control"
                    id="education-graduate-date"
                    placeholder="年/月/日期"
                    type="text"
                  />
                </div>
              </div>
            </div>
            <div
              className="row"
            >
              <div
                className="col"
              >
                <div
                  className="form_item form-group"
                >
                  <label
                    className="form-label"
                    htmlFor="education-major"
                  >
                    专业
                  </label>
                  <div
                    className="rbt"
                    style={
                      Object {
                        "outline": "none",
                        "position": "relative",
                      }
                    }
                    tabIndex={-1}
                  >
                    <div
                      style={
                        Object {
                          "display": "flex",
                          "flex": 1,
                          "height": "100%",
                          "position": "relative",
                        }
                      }
                    >
                      <input
                        aria-autocomplete="both"
                        aria-expanded={false}
                        aria-haspopup="listbox"
                        autoComplete="off"
                        className="rbt-input-main form-control rbt-input"
                        onBlur={[Function]}
                        onChange={[Function]}
                        onClick={[Function]}
                        onFocus={[Function]}
                        onKeyDown={[Function]}
                        placeholder="输入所在的专业"
                        role="combobox"
                        type="text"
                        value=""
                      />
                      <input
                        aria-hidden={true}
                        className="rbt-input-hint"
                        readOnly={true}
                        style={
                          Object {
                            "backgroundColor": "transparent",
                            "borderColor": "transparent",
                            "boxShadow": "none",
                            "color": "rgba(0, 0, 0, 0.35)",
                            "left": 0,
                            "pointerEvents": "none",
                            "position": "absolute",
                            "top": 0,
                            "width": "100%",
                          }
                        }
                        tabIndex={-1}
                        value=""
                      />
                    </div>
                  </div>
                </div>
              </div>
              <div
                className="col"
              >
                <div
                  className="form_item form-group"
                >
                  <label
                    className="form-label"
                    htmlFor="education-degree"
                  >
                    学历
                  </label>
                  <div
                    className="rbt"
                    style={
                      Object {
                        "outline": "none",
                        "position": "relative",
                      }
                    }
                    tabIndex={-1}
                  >
                    <div
                      style={
                        Object {
                          "display": "flex",
                          "flex": 1,
                          "height": "100%",
                          "position": "relative",
                        }
                      }
                    >
                      <input
                        aria-autocomplete="both"
                        aria-expanded={false}
                        aria-haspopup="listbox"
                        autoComplete="off"
                        className="rbt-input-main form-control rbt-input"
                        onBlur={[Function]}
                        onChange={[Function]}
                        onClick={[Function]}
                        onFocus={[Function]}
                        onKeyDown={[Function]}
                        placeholder="请输入您获得的学历"
                        role="combobox"
                        type="text"
                        value=""
                      />
                      <input
                        aria-hidden={true}
                        className="rbt-input-hint"
                        readOnly={true}
                        style={
                          Object {
                            "backgroundColor": "transparent",
                            "borderColor": "transparent",
                            "boxShadow": "none",
                            "color": "rgba(0, 0, 0, 0.35)",
                            "left": 0,
                            "pointerEvents": "none",
                            "position": "absolute",
                            "top": 0,
                            "width": "100%",
                          }
                        }
                        tabIndex={-1}
                        value=""
                      />
                    </div>
                  </div>
                </div>
              </div>
              <div
                className="col"
              >
                <div
                  className="form_item form-group"
                >
                  <label
                    className="form-label"
                    htmlFor="education-school-city"
                  >
                    学院所在城市
                  </label>
                  <div
                    className="rbt"
                    style={
                      Object {
                        "outline": "none",
                        "position": "relative",
                      }
                    }
                    tabIndex={-1}
                  >
                    <div
                      style={
                        Object {
                          "display": "flex",
                          "flex": 1,
                          "height": "100%",
                          "position": "relative",
                        }
                      }
                    >
                      <input
                        aria-autocomplete="both"
                        aria-expanded={false}
                        aria-haspopup="listbox"
                        autoComplete="off"
                        className="rbt-input-main form-control rbt-input"
                        onBlur={[Function]}
                        onChange={[Function]}
                        onClick={[Function]}
                        onFocus={[Function]}
                        onKeyDown={[Function]}
                        placeholder="学院所在城市"
                        role="combobox"
                        type="text"
                        value=""
                      />
                      <input
                        aria-hidden={true}
                        className="rbt-input-hint"
                        readOnly={true}
                        style={
                          Object {
                            "backgroundColor": "transparent",
                            "borderColor": "transparent",
                            "boxShadow": "none",
                            "color": "rgba(0, 0, 0, 0.35)",
                            "left": 0,
                            "pointerEvents": "none",
                            "position": "absolute",
                            "top": 0,
                            "width": "100%",
                          }
                        }
                        tabIndex={-1}
                        value=""
                      />
                    </div>
                  </div>
                </div>
              </div>
              <div
                className="col"
              >
                <div
                  className="form_item form-group"
                >
                  <label
                    className="form-label"
                    htmlFor="education-school-country"
                  >
                    学校所在国家
                  </label>
                  <input
                    className="form-control"
                    id="education-school-country"
                    placeholder="学校所在国家"
                    type="text"
                  />
                </div>
              </div>
            </div>
            <div
              className="row"
            >
              <div
                className="col"
              >
                <div
                  className="form_item form-group"
                >
                  <label
                    className="form-label"
                    htmlFor="education-highest-award"
                  >
                    所获最高奖项 (有任何奖项都是加分好事！)
                  </label>
                  <input
                    className="form-control"
                    id="education-highest-award"
                    placeholder="请填写您在校期间所获得的最高奖项"
                    type="text"
                  />
                </div>
              </div>
              <div
                className="col"
              >
                <div
                  className="form_item form-group"
                >
                  <label
                    className="form-label"
                    htmlFor="education-other-award"
                  >
                    其他获得奖项
                  </label>
                  <input
                    className="form-control"
                    id="education-other-award"
                    placeholder="请填写您在校期间所获得的其他奖项"
                    type="text"
                  />
                </div>
              </div>
            </div>
            <div
              className="form_buttons row"
            >
              <div
                className="space_betweens col"
              >
                <p
                  className="hidden"
                />
                <button
                  className="btn btn-primary"
                  disabled={false}
                  type="submit"
                >
                  保存
                </button>
              </div>
            </div>
          </form>
        </div>
      </div>
      <div
        className="addMoreForm"
      >
        <span>
          +
        </span>
        <p>
          添加新经历
        </p>
      </div>
    </div>
  </div>
</div>
`;
