// Jest Snapshot v1, https://goo.gl/fbAQLP

exports[`renders lazy loaded component for JobsMatcher 1`] = `null`;
